../Core/Src/OLED.c:11:6:OLED_ClearBuffer	24	static
../Core/Src/OLED.c:19:6:OLED_SendCommand	32	static
../Core/Src/OLED.c:25:6:OLED_SendData	32	static
../Core/Src/OLED.c:33:9:OLED_Init	16	static
../Core/Src/OLED.c:73:6:OLED_Clear	16	static
../Core/Src/OLED.c:79:6:OLED_Invert	16	static
../Core/Src/OLED.c:85:6:OLED_SetContrast	16	static
../Core/Src/OLED.c:95:6:OLED_DrawBitmap	24	static
../Core/Src/OLED.c:112:6:OLED_DrawXBM	32	static
../Core/Src/OLED.c:135:6:OLED_DrawBuffer	24	static
../Core/Src/OLED.c:151:6:OLED_DrawPixelStatus	16	static
../Core/Src/OLED.c:159:6:OLED_DrawPixel	16	static
../Core/Src/OLED.c:166:6:OLED_DrawVLine	24	static
../Core/Src/OLED.c:174:6:OLED_DrawHLine	32	static
../Core/Src/OLED.c:182:6:OLED_DrawRectangle	32	static
../Core/Src/OLED.c:193:6:OLED_DrawRectangleFill	32	static
../Core/Src/OLED.c:207:6:OLED_DrawTriangle	24	static
../Core/Src/OLED.c:214:6:OLED_DrawTriangleFill	56	static
../Core/Src/OLED.c:266:6:OLED_DrawCircle	32	static
../Core/Src/OLED.c:303:6:OLED_DrawCircleFill	40	static
../Core/Src/OLED.c:337:6:OLED_DrawLine	40	static
../Core/Src/OLED.c:373:9:OLED_GetWidthStr	24	static
../Core/Src/OLED.c:386:9:OLED_GetWidthNum	32	static
../Core/Src/OLED.c:394:6:OLED_DrawChar	32	static
../Core/Src/OLED.c:410:6:OLED_DrawNum	40	static
../Core/Src/OLED.c:418:6:OLED_DrawStr	24	static
../Core/Src/OLED.c:438:6:OLED_UpdateScreen	16	static
../Core/Src/OLED.c:453:6:OLED_UpdateOnePage	24	static
